node.exe : npm warn Unknown env config "devdir". This will stop working in the next major version of npm.
At line:1 char:1
+ & "C:\Program Files\nodejs/node.exe" "C:\Users\redir\AppData\Roaming\ ...
+ ~~~~~~~~~~~~~~~~~~~~~~~~~~~~~~~~~~~~~~~~~~~~~~~~~~~~~~~~~~~~~~~~~~~~~
    + CategoryInfo          : NotSpecified: (npm warn Unknow...version of npm.:String) [], RemoteException
    + FullyQualifiedErrorId : NativeCommandError
 

> my-project@0.1.0 test
> vitest run

[33mThe CJS build of Vite's Node API is deprecated. See 
https://vite.dev/guide/troubleshooting.html#vite-cjs-node-api-deprecated for more details.[39m

 RUN  v1.6.1 C:/Users/redir/Dev/accessibility-auditor

 Γ£ô src/audit/score-summary.test.ts  (2 tests) 3ms
 Γ£ô src/audit/validate-url.test.ts  (3 tests) 4ms
 Γ£ô src/audit/ssrf-guard.test.ts  (3 tests) 5ms
 Γ£ô src/audit/fetch-html.test.ts  (3 tests) 12ms
 Γ£ô src/audit/rules.test.ts  (17 tests) 67ms
 Γ£ô app/api/audit/route.test.ts  (5 tests) 32ms
 Γ£ô components/check-item.test.tsx  (3 tests) 395ms
 Γ¥» app/page.test.tsx  (4 tests | 1 failed) 2599ms
   Γ¥» app/page.test.tsx > Home page flow > transitions loading -> error on API failure
     ΓåÆ Unable to find an element with the text: /please enter a valid public http\/https url/i. This could be because the text is broken up by multiple elements. In this case, you can provide a function for your text matcher to make your matcher more flexible.

Ignored nodes: comments, script, style
[36m<body>[39m
  [36m<div>[39m
    [36m<div[39m
      [33mclass[39m=[32m"flex min-h-screen flex-col"[39m
    [36m>[39m
      [36m<header[39m
        [33mclass[39m=[32m"border-b bg-card"[39m
      [36m>[39m
        [36m<div[39m
          [33mclass[39m=[32m"mx-auto flex max-w-4xl items-center gap-3 px-4 py-5 sm:px-6"[39m
        [36m>[39m
          [36m<div[39m
            [33mclass[39m=[32m"flex size-9 items-center justify-center rounded-lg bg-primary"[39m
          [36m>[39m
            [36m<svg[39m
              [33maria-hidden[39m=[32m"true"[39m
              [33mclass[39m=[32m"lucide lucide-scan-eye size-5 text-primary-foreground"[39m
              [33mfill[39m=[32m"none"[39m
              [33mheight[39m=[32m"24"[39m
              [33mstroke[39m=[32m"currentColor"[39m
              [33mstroke-linecap[39m=[32m"round"[39m
              [33mstroke-linejoin[39m=[32m"round"[39m
              [33mstroke-width[39m=[32m"2"[39m
              [33mviewBox[39m=[32m"0 0 24 24"[39m
              [33mwidth[39m=[32m"24"[39m
              [33mxmlns[39m=[32m"http://www.w3.org/2000/svg"[39m
            [36m>[39m
              [36m<path[39m
                [33md[39m=[32m"M3 7V5a2 2 0 0 1 2-2h2"[39m
              [36m/>[39m
              [36m<path[39m
                [33md[39m=[32m"M17 3h2a2 2 0 0 1 2 2v2"[39m
              [36m/>[39m
              [36m<path[39m
                [33md[39m=[32m"M21 17v2a2 2 0 0 1-2 2h-2"[39m
              [36m/>[39m
              [36m<path[39m
                [33md[39m=[32m"M7 21H5a2 2 0 0 1-2-2v-2"[39m
              [36m/>[39m
              [36m<circle[39m
                [33mcx[39m=[32m"12"[39m
                [33mcy[39m=[32m"12"[39m
                [33mr[39m=[32m"1"[39m
              [36m/>[39m
              [36m<path[39m
                [33md[39m=[32m"M18.944 12.33a1 1 0 0 0 0-.66 7.5 7.5 0 0 0-13.888 0 1 1 0 0 0 0 .66 7.5 7.5 0 0 0 13.888 0"[39m
              [36m/>[39m
            [36m</svg>[39m
          [36m</div>[39m
          [36m<div>[39m
            [36m<h1[39m
              [33mclass[39m=[32m"text-lg font-semibold text-foreground text-balance"[39m
            [36m>[39m
              [0mAccessibility URL Auditor[0m
            [36m</h1>[39m
            [36m<p[39m
              [33mclass[39m=[32m"text-sm text-muted-foreground"[39m
            [36m>[39m
              [0mPaste a URL to run a lightweight accessibility check.[0m
            [36m</p>[39m
          [36m</div>[39m
        [36m</div>[39m
      [36m</header>[39m
      [36m<main[39m
        [33mclass[39m=[32m"flex-1"[39m
      [36m>[39m
        [36m<div[39m
          [33mclass[39m=[32m"mx-auto flex max-w-4xl flex-col gap-6 px-4 py-6 sm:px-6 sm:py-8"[39m
        [36m>[39m
          [36m<form[39m
            [33mclass[39m=[32m"flex flex-col gap-3"[39m
          [36m>[39m
            [36m<div[39m
              [33mclass[39m=[32m"flex flex-col gap-1.5"[39m
            [36m>[39m
              [36m<label[39m
                [33mclass[39m=[32m"flex items-center gap-2 select-none group-data-[disabled=true]:pointer-events-none group-data-[disabled=true]:opacity-50 peer-disabled:cursor-not-allowed peer-disabled:opacity-50 text-sm font-medium text-foreground"[39m
                [33mdata-slot[39m=[32m"label"[39m
                [33mfor[39m=[32m"url-input"[39m
              [36m>[39m
                [0mURL to audit[0m
              [36m</label>[39m
              [36m<div[39m
                [33mclass[39m=[32m"flex flex-col gap-3 sm:flex-row"[39m
              [36m>[39m
                [36m<input[39m
                  [33mclass[39m=[32m"file:text-foreground placeholder:text-muted-foreground selection:bg-primary selection:text-primary-foreground dark:bg-input/30 border-input h-9 w-full min-w-0 rounded-md border bg-transparent px-3 py-1 text-base shadow-xs transition-[color,box-shadow] outline-none file:inline-flex file:h-7 file:border-0 file:bg-transparent file:text-sm file:font-medium disabled:pointer-events-none disabled:cursor-not-allowed disabled:opacity-50 md:text-sm focus-visible:border-ring focus-visible:ring-ring/50 focus-visible:ring-[3px] aria-invalid:ring-destructive/20 dark:aria-invalid:ring-destructive/40 aria-invalid:border-destructive flex-1"[39m
                  [33mdata-slot[39m=[32m"input"[39m
                  [33mid[39m=[32m"url-input"[39m
                  [33mplaceholder[39m=[32m"https://example.com"[39m
                  [33mtype[39m=[32m"url"[39m
                  [33mvalue[39m=[32m"bad"[39m
                [36m/>[39m
                [36m<div[39m
                  [33mclass[39m=[32m"flex gap-2"[39m
                [36m>[39m
                  [36m<button[39m
                    [33mclass[39m=[32m"inline-flex cursor-pointer items-center justify-center whitespace-nowrap rounded-md text-sm font-medium transition-all disabled:pointer-events-none disabled:opacity-50 [&_svg]:pointer-events-none [&_svg:not([class*='size-'])]:size-4 shrink-0 [&_svg]:shrink-0 outline-none focus-visible:border-ring focus-visible:ring-ring/50 focus-visible:ring-[3px] aria-invalid:ring-destructive/20 dark:aria-invalid:ring-destructive/40 aria-invalid:border-destructive bg-primary text-primary-foreground hover:bg-primary/90 h-9 px-4 py-2 has-[>svg]:px-3 gap-2"[39m
                    [33mdata-slot[39m=[32m"button"[39m
                    [33mtype[39m=[32m"submit"[39m
                  [36m>[39m
                    [36m<svg[39m
                      [33maria-hidden[39m=[32m"true"[39m
                      [33mclass[39m=[32m"lucide lucide-search size-4"[39m
                      [33mfill[39m=[32m"none"[39m
                      [33mheight[39m=[32m"24"[39m
                      [33mstroke[39m=[32m"currentColor"[39m
                      [33mstroke-linecap[39m=[32m"round"[39m
                      [33mstroke-linejoin[39m=[32m"round"[39m
                      [33mstroke-width[39m=[32m"2"[39m
                      [33mviewBox[39m=[32m"0 0 24 24"[39m
                      [33mwidth[39m=[32m"24"[39m
                      [33mxmlns[39m=[32m"http://www.w3.org/2000/svg"[39m
                    [36m>[39m
                      [36m<path[39m
                        [33md[39m=[32m"m21 21-4.34-4.34"[39m
                      [36m/>[39m
                      [36m<circle[39m
                        [33mcx[39m=[32m"11"[39m
                        [33mcy[39m=[32m"11"[39m
                        [33mr[39m=[32m"8"[39m
                      [36m/>[39m
                    [36m</svg>[39m
                    [0mAudit[0m
                  [36m</button>[39m
                  [36m<button[39m
                    [33mclass[39m=[32m"inline-flex cursor-pointer items-center justify-center whitespace-nowrap rounded-md text-sm font-medium transition-all disabled:pointer-events-none disabled:opacity-50 [&_svg]:pointer-events-none [&_svg:not([class*='size-'])]:size-4 shrink-0 [&_svg]:shrink-0 outline-none focus-visible:border-ring focus-visible:ring-ring/50 focus-visible:ring-[3px] aria-invalid:ring-destructive/20 dark:aria-invalid:ring-destructive/40 aria-invalid:border-destructive border bg-background shadow-xs hover:bg-accent hover:text-accent-foreground dark:bg-input/30 dark:border-input dark:hover:bg-input/50 h-9 px-4 py-2 has-[>svg]:px-3 gap-2"[39m
                    [33mdata-slot[39m=[32m"button"[39m
                    [33mtype[39m=[32m"button"[39m
                  [36m>[39m
                    [36m<svg[39m
                      [33maria-hidden[39m=[32m"true"[39m
                      [33mclass[39m=[32m"lucide lucide-rotate-ccw size-4"[39m
                      [33mfill[39m=[32m"none"[39m
                      [33mheight[39m=[32m"24"[39m
                      [33mstroke[39m=[32m"currentColor"[39m
                      [33mstroke-linecap[39m=[32m"round"[39m
                      [33mstroke-linejoin[39m=[32m"round"[39m
                      [33mstroke-width[39m=[32m"2"[39m
                      [33mviewBox[39m=[32m"0 0 24 24"[39m
                      [33mwidth[39m=[32m"24"[39m
                      [33mxmlns[39m=[32m"http://www.w3.org/2000/svg"[39m
                    [36m>[39m
                      [36m<path[39m
                        [33md[39m=[32m"M3 12a9 9 0 1 0 9-9 9.75 9.75 0 0 0-6.74 2.74L3 8"[39m
                      [36m/>[39m
                      [36m<path[39m
                        [33md[39m=[32m"M3 3v5h5"[39m
                      [36m/>[39m
                    [36m</svg>[39m
                    [0mReset[0m
                  [36m</button>[39m
                [36m</div>[39m
              [36m</div>[39m
              [36m<div[39m
                [33mclass[39m=[32m"flex items-center justify-between"[39m
              [36m>[39m
                [36m<p[39m
                  [33mclass[39m=[32m"text-xs text-muted-foreground"[39m
                [36m>[39m
                  [0mOnly http/https URLs are supported.[0m
                [36m</p>[39m
                [36m<button[39m
                  [33mclass[39m=[32m"text-xs font-medium text-primary hover:text-primary/80 transition-colors disabled:opacity-50"[39m
                  [33mtype[39m=[32m"button"[39m
                [36m>[39m
                  [0mTry sample URL[0m
                [36m</button>[39m
              [36m</div>[39m
            [36m</div>[39m
          [36m</form>[39m
          [36m<div[39m
            [33mclass[39m=[32m"flex flex-col items-center justify-center rounded-xl border border-dashed py-16 gap-4"[39m
          [36m>[39m
            [36m<div[39m
              [33mclass[39m=[32m"flex size-12 items-center justify-center rounded-full bg-muted"[39m
            [36m>[39m
              [36m<svg[39m
                [33maria-hidden[39m=[32m"true"[39m
                [33mclass[39m=[32m"lucide lucide-globe size-6 text-muted-foreground"[39m
                [33mfill[39m=[32m"none"[39m
                [33mheight[39m=[32m"24"[39m
                [33mstroke[39m=[32m"currentColor"[39m
                [33mstroke-linecap[39m=[32m"round"[39m
                [33mstroke-linejoin[39m=[32m"round"[39m
                [33mstroke-width[39m=[32m"2"[39m
                [33mviewBox[39m=[32m"0 0 24 24"[39m
                [33mwidth[39m=[32m"24"[39m
                [33mxmlns[39m=[32m"http://www.w3.org/2000/svg"[39m
              [36m>[39m
                [36m<circle[39m
                  [33mcx[39m=[32m"12"[39m
                  [33mcy[39m=[32m"12"[39m
                  [33mr[39m=[32m"10"[39m
                [36m/>[39m
                [36m<path[39m
                  [33md[39m=[32m"M12 2a14.5 14.5 0 0 0 0 20 14.5 14.5 0 0 0 0-20"[39m
                [36m/>[39m
                [36m<path[39m
                  [33md[39m=[32m"M2 12h20"[39m
                [36m/>[39m
              [36m</svg>[39m
            [36m</div>[39m
            [36m<div[39m
              [33mclass[39m=[32m"text-center"[39m
            [36m>[39m
              [36m<p[39m
                [33mclass[39m=[32m"text-sm font-medium text-foreground"[39m
              [36m>[39m
                [0mEnter a URL to run an audit[0m
              [36m</p>[39m
              [36m<p[39m
                [33mclass[39m=[32m"text-xs text-muted-foreground mt-1"[39m
              [36m>[39m
                [0mResults will appear here after your audit completes.[0m
              [36m</p>[39m
            [36m</div>[39m
          [36m</div>[39m
        [36m</div>[39m
      [36m</main>[39m
      [36m<footer[39m
        [33mclass[39m=[32m"border-t"[39m
      [36m>[39m
        [36m<div[39m
          [33mclass[39m=[32m"mx-auto grid max-w-4xl grid-cols-3 items-center gap-3 px-4 py-4 sm:px-6"[39m
        [36m>[39m
          [36m<p[39m
            [33mclass[39m=[32m"justify-self-start text-xs text-muted-foreground"[39m
          [36m>[39m
            [0mCreated by David Irwin using AI agents[0m
          [36m</p>[39m
          [36m<div[39m
            [33mclass[39m=[32m"justify-self-center"[39m
          [36m>[39m
            [36m<div[39m
              [33mclass[39m=[32m"flex items-center gap-2 rounded-lg border border-border scale-90 origin-center border-none bg-transparent px-0 py-0 opacity-70"[39m
            [36m>[39m
              [36m<span[39m
                [33mclass[39m=[32m"text-xs font-medium text-muted-foreground"[39m
              [36m>[39m
                [0mSimulate:[0m
              [36m</span>[39m
              [36m<div[39m
                [33mclass[39m=[32m"flex gap-1"[39m
              [36m>[39m
                [36m<button[39m
                  [33mclass[39m=[32m"cursor-pointer rounded-md px-2.5 py-1 text-xs font-medium transition-colors text-muted-foreground hover:bg-accent hover:text-accent-foreground"[39m
                [36m>[39m
                  [0mIdle[0m
                [36m</button>[39m
                [36m<button[39m
                  [33mclass[39m=[32m"cursor-pointer rounded-md px-2.5 py-1 text-xs font-medium transition-colors text-muted-foreground hover:bg-accent hover:text-accent-foreground"[39m
                [36m>[39m
                  [0mLoading[0m
                [36m</button>[39m
                [36m<button[39m
                  [33mclass[39m=[32m"cursor-pointer rounded-md px-2.5 py-1 text-xs font-medium transition-colors text-muted-foreground hover:bg-accent hover:text-accent-foreground"[39m
                [36m>[39m
                  [0mSuccess[0m
                [36m</button>[39m
                [36m<button[39m
                  [33mclass[39m=[32m"cursor-pointer rounded-md px-2.5 py-1 text-xs font-medium transition-colors text-muted-foreground hover:bg-accent hover:text-accent-foreground"[39m
                [36m>[39m
                  [0mError[0m
                [36m</button>[39m
              [36m</div>[39m
            [36m</div>[39m
          [36m</div>[39m
          [36m<a[39m
            [33mclass[39m=[32m"justify-self-end text-sm text-muted-foreground transition-colors hover:text-foreground"[39m
            [33mhref[39m=[32m"/about"[39m
          [36m>[39m
            [0mAbout[0m
          [36m</a>[39m
        [36m</div>[39m
      [36m</footer>[39m
    [36m</div>[39m
  [36m</div>[39m
[36m</body>[39m

Ignored nodes: comments, script, style
[36m<body>[39m
  [36m<div>[39m
    [36m<div[39m
      [33mclass[39m=[32m"flex min-h-screen flex-col"[39m
    [36m>[39m
      [36m<header[39m
        [33mclass[39m=[32m"border-b bg-card"[39m
      [36m>[39m
        [36m<div[39m
          [33mclass[39m=[32m"mx-auto flex max-w-4xl items-center gap-3 px-4 py-5 sm:px-6"[39m
        [36m>[39m
          [36m<div[39m
            [33mclass[39m=[32m"flex size-9 items-center justify-center rounded-lg bg-primary"[39m
          [36m>[39m
            [36m<svg[39m
              [33maria-hidden[39m=[32m"true"[39m
              [33mclass[39m=[32m"lucide lucide-scan-eye size-5 text-primary-foreground"[39m
              [33mfill[39m=[32m"none"[39m
              [33mheight[39m=[32m"24"[39m
              [33mstroke[39m=[32m"currentColor"[39m
              [33mstroke-linecap[39m=[32m"round"[39m
              [33mstroke-linejoin[39m=[32m"round"[39m
              [33mstroke-width[39m=[32m"2"[39m
              [33mviewBox[39m=[32m"0 0 24 24"[39m
              [33mwidth[39m=[32m"24"[39m
              [33mxmlns[39m=[32m"http://www.w3.org/2000/svg"[39m
            [36m>[39m
              [36m<path[39m
                [33md[39m=[32m"M3 7V5a2 2 0 0 1 2-2h2"[39m
              [36m/>[39m
              [36m<path[39m
                [33md[39m=[32m"M17 3h2a2 2 0 0 1 2 2v2"[39m
              [36m/>[39m
              [36m<path[39m
                [33md[39m=[32m"M21 17v2a2 2 0 0 1-2 2h-2"[39m
              [36m/>[39m
              [36m<path[39m
                [33md[39m=[32m"M7 21H5a2 2 0 0 1-2-2v-2"[39m
              [36m/>[39m
              [36m<circle[39m
                [33mcx[39m=[32m"12"[39m
                [33mcy[39m=[32m"12"[39m
                [33mr[39m=[32m"1"[39m
              [36m/>[39m
              [36m<path[39m
                [33md[39m=[32m"M18.944 12.33a1 1 0 0 0 0-.66 7.5 7.5 0 0 0-13.888 0 1 1 0 0 0 0 .66 7.5 7.5 0 0 0 13.888 0"[39m
              [36m/>[39m
            [36m</svg>[39m
          [36m</div>[39m
          [36m<div>[39m
            [36m<h1[39m
              [33mclass[39m=[32m"text-lg font-semibold text-foreground text-balance"[39m
            [36m>[39m
              [0mAccessibility URL Auditor[0m
            [36m</h1>[39m
            [36m<p[39m
              [33mclass[39m=[32m"text-sm text-muted-foreground"[39m
            [36m>[39m
              [0mPaste a URL to run a lightweight accessibility check.[0m
            [36m</p>[39m
          [36m</div>[39m
        [36m</div>[39m
      [36m</header>[39m
      [36m<main[39m
        [33mclass[39m=[32m"flex-1"[39m
      [36m>[39m
        [36m<div[39m
          [33mclass[39m=[32m"mx-auto flex max-w-4xl flex-col gap-6 px-4 py-6 sm:px-6 sm:py-8"[39m
        [36m>[39m
          [36m<form[39m
            [33mclass[39m=[32m"flex flex-col gap-3"[39m
          [36m>[39m
            [36m<div[39m
              [33mclass[39m=[32m"flex flex-col gap-1.5"[39m
            [36m>[39m
              [36m<label[39m
                [33mclass[39m=[32m"flex items-center gap-2 select-none group-data-[disabled=true]:pointer-events-none group-data-[disabled=true]:opacity-50 peer-disabled:cursor-not-allowed peer-disabled:opacity-50 text-sm font-medium text-foreground"[39m
                [33mdata-slot[39m=[32m"label"[39m
                [33mfor[39m=[32m"url-input"[39m
              [36m>[39m
                [0mURL to audit[0m
              [36m</label>[39m
              [36m<div[39m
                [33mclass[39m=[32m"flex flex-col gap-3 sm:flex-row"[39m
              [36m>[39m
                [36m<input[39m
                  [33mclass[39m=[32m"file:text-foreground placeholder:text-muted-foreground selection:bg-primary selection:text-primary-foreground dark:bg-input/30 border-input h-9 w-full min-w-0 rounded-md border bg-transparent px-3 py-1 text-base shadow-xs transition-[color,box-shadow] outline-none file:inline-flex file:h-7 file:border-0 file:bg-transparent file:text-sm file:font-medium disabled:pointer-events-none disabled:cursor-not-allowed disabled:opacity-50 md:text-sm focus-visible:border-ring focus-visible:ring-ring/50 focus-visible:ring-[3px] aria-invalid:ring-destructive/20 dark:aria-invalid:ring-destructive/40 aria-invalid:border-destructive flex-1"[39m
                  [33mdata-slot[39m=[32m"input"[39m
                  [33mid[39m=[32m"url-input"[39m
                  [33mplaceholder[39m=[32m"https://example.com"[39m
                  [33mtype[39m=[32m"url"[39m
                  [33mvalue[39m=[32m"bad"[39m
                [36m/>[39m
                [36m<div[39m
                  [33mclass[39m=[32m"flex gap-2"[39m
                [36m>[39m
                  [36m<button[39m
                    [33mclass[39m=[32m"inline-flex cursor-pointer items-center justify-center whitespace-nowrap rounded-md text-sm font-medium transition-all disabled:pointer-events-none disabled:opacity-50 [&_svg]:pointer-events-none [&_svg:not([class*='size-'])]:size-4 shrink-0 [&_svg]:shrink-0 outline-none focus-visible:border-ring focus-visible:ring-ring/50 focus-visible:ring-[3px] aria-invalid:ring-destructive/20 dark:aria-invalid:ring-destructive/40 aria-invalid:border-destructive bg-primary text-primary-foreground hover:bg-primary/90 h-9 px-4 py-2 has-[>svg]:px-3 gap-2"[39m
                    [33mdata-slot[39m=[32m"button"[39m
                    [33mtype[39m=[32m"submit"[39m
                  [36m>[39m
                    [36m<svg[39m
                      [33maria-hidden[39m=[32m"true"[39m
                      [33mclass[39m=[32m"lucide lucide-search size-4"[39m
                      [33mfill[39m=[32m"none"[39m
                      [33mheight[39m=[32m"24"[39m
                      [33mstroke[39m=[32m"currentColor"[39m
                      [33mstroke-linecap[39m=[32m"round"[39m
                      [33mstroke-linejoin[39m=[32m"round"[39m
                      [33mstroke-width[39m=[32m"2"[39m
                      [33mviewBox[39m=[32m"0 0 24 24"[39m
                      [33mwidth[39m=[32m"24"[39m
                      [33mxmlns[39m=[32m"http://www.w3.org/2000/svg"[39m
                    [36m>[39m
                      [36m<path[39m
                        [33md[39m=[32m"m21 21-4.34-4.34"[39m
                      [36m/>[39m
                      [36m<circle[39m
                        [33mcx[39m=[32m"11"[39m
                        [33mcy[39m=[32m"11"[39m
                        [33mr[39m=[32m"8"[39m
                      [36m/>[39m
                    [36m</svg>[39m
                    [0mAudit[0m
                  [36m</button>[39m
                  [36m<button[39m
                    [33mclass[39m=[32m"inline-flex cursor-pointer items-center justify-center whitespace-nowrap rounded-md text-sm font-medium transition-all disabled:pointer-events-none disabled:opacity-50 [&_svg]:pointer-events-none [&_svg:not([class*='size-'])]:size-4 shrink-0 [&_svg]:shrink-0 outline-none focus-visible:border-ring focus-visible:ring-ring/50 focus-visible:ring-[3px] aria-invalid:ring-destructive/20 dark:aria-invalid:ring-destructive/40 aria-invalid:border-destructive border bg-background shadow-xs hover:bg-accent hover:text-accent-foreground dark:bg-input/30 dark:border-input dark:hover:bg-input/50 h-9 px-4 py-2 has-[>svg]:px-3 gap-2"[39m
                    [33mdata-slot[39m=[32m"button"[39m
                    [33mtype[39m=[32m"button"[39m
                  [36m>[39m
                    [36m<svg[39m
                      [33maria-hidden[39m=[32m"true"[39m
                      [33mclass[39m=[32m"lucide lucide-rotate-ccw size-4"[39m
                      [33mfill[39m=[32m"none"[39m
                      [33mheight[39m=[32m"24"[39m
                      [33mstroke[39m=[32m"currentColor"[39m
                      [33mstroke-linecap[39m=[32m"round"[39m
                      [33mstroke-linejoin[39m=[32m"round"[39m
                      [33mstroke-width[39m=[32m"2"[39m
                      [33mviewBox[39m=[32m"0 0 24 24"[39m
                      [33mwidth[39m=[32m"24"[39m
                      [33mxmlns[39m=[32m"http://www.w3.org/2000/svg"[39m
                    [36m>[39m
                      [36m<path[39m
                        [33md[39m=[32m"M3 12a9 9 0 1 0 9-9 9.75 9.75 0 0 0-6.74 2.74L3 8"[39m
                      [36m/>[39m
                      [36m<path[39m
                        [33md[39m=[32m"M3 3v5h5"[39m
                      [36m/>[39m
                    [36m</svg>[39m
                    [0mReset[0m
                  [36m</button>[39m
                [36m</div>[39m
              [36m</div>[39m
              [36m<div[39m
                [33mclass[39m=[32m"flex items-center justify-between"[39m
              [36m>[39m
                [36m<p[39m
                  [33mclass[39m=[32m"text-xs text-muted-foreground"[39m
                [36m>[39m
                  [0mOnly http/https URLs are supported.[0m
                [36m</p>[39m
                [36m<button[39m
                  [33mclass[39m=[32m"text-xs font-medium text-primary hover:text-primary/80 transition-colors disabled:opacity-50"[39m
                  [33mtype[39m=[32m"button"[39m
                [36m>[39m
                  [0mTry sample URL[0m
                [36m</button>[39m
              [36m</div>[39m
            [36m</div>[39m
          [36m</form>[39m
          [36m<div[39m
            [33mclass[39m=[32m"flex flex-col items-center justify-center rounded-xl border border-dashed py-16 gap-4"[39m
          [36m>[39m
            [36m<div[39m
              [33mclass[39m=[32m"flex size-12 items-center justify-center rounded-full bg-muted"[39m
            [36m>[39m
              [36m<svg[39m
                [33maria-hidden[39m=[32m"true"[39m
                [33mclass[39m=[32m"lucide lucide-globe size-6 text-muted-foreground"[39m
                [33mfill[39m=[32m"none"[39m
                [33mheight[39m=[32m"24"[39m
                [33mstroke[39m=[32m"currentColor"[39m
                [33mstroke-linecap[39m=[32m"round"[39m
                [33mstroke-linejoin[39m=[32m"round"[39m
                [33mstroke-width[39m=[32m"2"[39m
                [33mviewBox[39m=[32m"0 0 24 24"[39m
                [33mwidth[39m=[32m"24"[39m
                [33mxmlns[39m=[32m"http://www.w3.org/2000/svg"[39m
              [36m>[39m
                [36m<circle[39m
                  [33mcx[39m=[32m"12"[39m
                  [33mcy[39m=[32m"12"[39m
                  [33mr[39m=[32m"10"[39m
                [36m/>[39m
                [36m<path[39m
                  [33md[39m=[32m"M12 2a14.5 14.5 0 0 0 0 20 14.5 14.5 0 0 0 0-20"[39m
                [36m/>[39m
                [36m<path[39m
                  [33md[39m=[32m"M2 12h20"[39m
                [36m/>[39m
              [36m</svg>[39m
            [36m</div>[39m
            [36m<div[39m
              [33mclass[39m=[32m"text-center"[39m
            [36m>[39m
              [36m<p[39m
                [33mclass[39m=[32m"text-sm font-medium text-foreground"[39m
              [36m>[39m
                [0mEnter a URL to run an audit[0m
              [36m</p>[39m
              [36m<p[39m
                [33mclass[39m=[32m"text-xs text-muted-foreground mt-1"[39m
              [36m>[39m
                [0mResults will appear here after your audit completes.[0m
              [36m</p>[39m
            [36m</div>[39m
          [36m</div>[39m
        [36m</div>[39m
      [36m</main>[39m
      [36m<footer[39m
        [33mclass[39m=[32m"border-t"[39m
      [36m>[39m
        [36m<div[39m
          [33mclass[39m=[32m"mx-auto grid max-w-4xl grid-cols-3 items-center gap-3 px-4 py-4 sm:px-6"[39m
        [36m>[39m
          [36m<p[39m
            [33mclass[39m=[32m"justify-self-start text-xs text-muted-foreground"[39m
          [36m>[39m
            [0mCreated by David Irwin using AI agents[0m
          [36m</p>[39m
          [36m<div[39m
            [33mclass[39m=[32m"justify-self-center"[39m
          [36m>[39m
            [36m<div[39m
              [33mclass[39m=[32m"flex items-center gap-2 rounded-lg border border-border scale-90 origin-center border-none bg-transparent px-0 py-0 opacity-70"[39m
            [36m>[39m
              [36m<span[39m
                [33mclass[39m=[32m"text-xs font-medium text-muted-foreground"[39m
              [36m>[39m
                [0mSimulate:[0m
              [36m</span>[39m
              [36m<div[39m
                [33mclass[39m=[32m"flex gap-1"[39m
              [36m>[39m
                [36m<button[39m
                  [33mclass[39m=[32m"cursor-pointer rounded-md px-2.5 py-1 text-xs font-medium transition-colors text-muted-foreground hover:bg-accent hover:text-accent-foreground"[39m
                [36m>[39m
                  [0mIdle[0m
                [36m</button>[39m
                [36m<button[39m
                  [33mclass[39m=[32m"cursor-pointer rounded-md px-2.5 py-1 text-xs font-medium transition-colors text-muted-foreground hover:bg-accent hover:text-accent-foreground"[39m
                [36m>[39m
                  [0mLoading[0m
                [36m</button>[39m
                [36m<button[39m
                  [33mclass[39m=[32m"cursor-pointer rounded-md px-2.5 py-1 text-xs font-medium transition-colors text-muted-foreground hover:bg-accent hover:text-accent-foreground"[39m
                [36m>[39m
                  [0mSuccess[0m
                [36m</button>[39m
                [36m<button[39m
                  [33mclass[39m=[32m"cursor-pointer rounded-md px-2.5 py-1 text-xs font-medium transition-colors text-muted-foreground hover:bg-accent hover:text-accent-foreground"[39m
                [36m>[39m
                  [0mError[0m
                [36m</button>[39m
              [36m</div>[39m
            [36m</div>[39m
          [36m</div>[39m
          [36m<a[39m
            [33mclass[39m=[32m"justify-self-end text-sm text-muted-foreground transition-colors hover:text-foreground"[39m
            [33mhref[39m=[32m"/about"[39m
          [36m>[39m
            [0mAbout[0m
          [36m</a>[39m
        [36m</div>[39m
      [36m</footer>[39m
    [36m</div>[39m
  [36m</div>[39m
[36m</body>[39m

ΓÄ»ΓÄ»ΓÄ»ΓÄ»ΓÄ»ΓÄ»ΓÄ» Failed Tests 1 ΓÄ»ΓÄ»ΓÄ»ΓÄ»ΓÄ»ΓÄ»ΓÄ»

 FAIL  app/page.test.tsx > Home page flow > transitions loading -> error on API failure
TestingLibraryElementError: Unable to find an element with the text: /please enter a valid public http\/https url/i. 
This could be because the text is broken up by multiple elements. In this case, you can provide a function for your 
text matcher to make your matcher more flexible.

Ignored nodes: comments, script, style
[36m<body>[39m
  [36m<div>[39m
    [36m<div[39m
      [33mclass[39m=[32m"flex min-h-screen flex-col"[39m
    [36m>[39m
      [36m<header[39m
        [33mclass[39m=[32m"border-b bg-card"[39m
      [36m>[39m
        [36m<div[39m
          [33mclass[39m=[32m"mx-auto flex max-w-4xl items-center gap-3 px-4 py-5 sm:px-6"[39m
        [36m>[39m
          [36m<div[39m
            [33mclass[39m=[32m"flex size-9 items-center justify-center rounded-lg bg-primary"[39m
          [36m>[39m
            [36m<svg[39m
              [33maria-hidden[39m=[32m"true"[39m
              [33mclass[39m=[32m"lucide lucide-scan-eye size-5 text-primary-foreground"[39m
              [33mfill[39m=[32m"none"[39m
              [33mheight[39m=[32m"24"[39m
              [33mstroke[39m=[32m"currentColor"[39m
              [33mstroke-linecap[39m=[32m"round"[39m
              [33mstroke-linejoin[39m=[32m"round"[39m
              [33mstroke-width[39m=[32m"2"[39m
              [33mviewBox[39m=[32m"0 0 24 24"[39m
              [33mwidth[39m=[32m"24"[39m
              [33mxmlns[39m=[32m"http://www.w3.org/2000/svg"[39m
            [36m>[39m
              [36m<path[39m
                [33md[39m=[32m"M3 7V5a2 2 0 0 1 2-2h2"[39m
              [36m/>[39m
              [36m<path[39m
                [33md[39m=[32m"M17 3h2a2 2 0 0 1 2 2v2"[39m
              [36m/>[39m
              [36m<path[39m
                [33md[39m=[32m"M21 17v2a2 2 0 0 1-2 2h-2"[39m
              [36m/>[39m
              [36m<path[39m
                [33md[39m=[32m"M7 21H5a2 2 0 0 1-2-2v-2"[39m
              [36m/>[39m
              [36m<circle[39m
                [33mcx[39m=[32m"12"[39m
                [33mcy[39m=[32m"12"[39m
                [33mr[39m=[32m"1"[39m
              [36m/>[39m
              [36m<path[39m
                [33md[39m=[32m"M18.944 12.33a1 1 0 0 0 0-.66 7.5 7.5 0 0 0-13.888 0 1 1 0 0 0 0 .66 7.5 7.5 0 0 0 
13.888 0"[39m
              [36m/>[39m
            [36m</svg>[39m
          [36m</div>[39m
          [36m<div>[39m
            [36m<h1[39m
              [33mclass[39m=[32m"text-lg font-semibold text-foreground text-balance"[39m
            [36m>[39m
              [0mAccessibility URL Auditor[0m
            [36m</h1>[39m
            [36m<p[39m
              [33mclass[39m=[32m"text-sm text-muted-foreground"[39m
            [36m>[39m
              [0mPaste a URL to run a lightweight accessibility check.[0m
            [36m</p>[39m
          [36m</div>[39m
        [36m</div>[39m
      [36m</header>[39m
      [36m<main[39m
        [33mclass[39m=[32m"flex-1"[39m
      [36m>[39m
        [36m<div[39m
          [33mclass[39m=[32m"mx-auto flex max-w-4xl flex-col gap-6 px-4 py-6 sm:px-6 sm:py-8"[39m
        [36m>[39m
          [36m<form[39m
            [33mclass[39m=[32m"flex flex-col gap-3"[39m
          [36m>[39m
            [36m<div[39m
              [33mclass[39m=[32m"flex flex-col gap-1.5"[39m
            [36m>[39m
              [36m<label[39m
                [33mclass[39m=[32m"flex items-center gap-2 select-none 
group-data-[disabled=true]:pointer-events-none group-data-[disabled=true]:opacity-50 peer-disabled:cursor-not-allowed 
peer-disabled:opacity-50 text-sm font-medium text-foreground"[39m
                [33mdata-slot[39m=[32m"label"[39m
                [33mfor[39m=[32m"url-input"[39m
              [36m>[39m
                [0mURL to audit[0m
              [36m</label>[39m
              [36m<div[39m
                [33mclass[39m=[32m"flex flex-col gap-3 sm:flex-row"[39m
              [36m>[39m
                [36m<input[39m
                  [33mclass[39m=[32m"file:text-foreground placeholder:text-muted-foreground selection:bg-primary 
selection:text-primary-foreground dark:bg-input/30 border-input h-9 w-full min-w-0 rounded-md border bg-transparent 
px-3 py-1 text-base shadow-xs transition-[color,box-shadow] outline-none file:inline-flex file:h-7 file:border-0 
file:bg-transparent file:text-sm file:font-medium disabled:pointer-events-none disabled:cursor-not-allowed 
disabled:opacity-50 md:text-sm focus-visible:border-ring focus-visible:ring-ring/50 focus-visible:ring-[3px] 
aria-invalid:ring-destructive/20 dark:aria-invalid:ring-destructive/40 aria-invalid:border-destructive flex-1"[39m
                  [33mdata-slot[39m=[32m"input"[39m
                  [33mid[39m=[32m"url-input"[39m
                  [33mplaceholder[39m=[32m"https://example.com"[39m
                  [33mtype[39m=[32m"url"[39m
                  [33mvalue[39m=[32m"bad"[39m
                [36m/>[39m
                [36m<div[39m
                  [33mclass[39m=[32m"flex gap-2"[39m
                [36m>[39m
                  [36m<button[39m
                    [33mclass[39m=[32m"inline-flex cursor-pointer items-center justify-center whitespace-nowrap 
rounded-md text-sm font-medium transition-all disabled:pointer-events-none disabled:opacity-50 
[&_svg]:pointer-events-none [&_svg:not([class*='size-'])]:size-4 shrink-0 [&_svg]:shrink-0 outline-none 
focus-visible:border-ring focus-visible:ring-ring/50 focus-visible:ring-[3px] aria-invalid:ring-destructive/20 
dark:aria-invalid:ring-destructive/40 aria-invalid:border-destructive bg-primary text-primary-foreground 
hover:bg-primary/90 h-9 px-4 py-2 has-[>svg]:px-3 gap-2"[39m
                    [33mdata-slot[39m=[32m"button"[39m
                    [33mtype[39m=[32m"submit"[39m
                  [36m>[39m
                    [36m<svg[39m
                      [33maria-hidden[39m=[32m"true"[39m
                      [33mclass[39m=[32m"lucide lucide-search size-4"[39m
                      [33mfill[39m=[32m"none"[39m
                      [33mheight[39m=[32m"24"[39m
                      [33mstroke[39m=[32m"currentColor"[39m
                      [33mstroke-linecap[39m=[32m"round"[39m
                      [33mstroke-linejoin[39m=[32m"round"[39m
                      [33mstroke-width[39m=[32m"2"[39m
                      [33mviewBox[39m=[32m"0 0 24 24"[39m
                      [33mwidth[39m=[32m"24"[39m
                      [33mxmlns[39m=[32m"http://www.w3.org/2000/svg"[39m
                    [36m>[39m
                      [36m<path[39m
                        [33md[39m=[32m"m21 21-4.34-4.34"[39m
                      [36m/>[39m
                      [36m<circle[39m
                        [33mcx[39m=[32m"11"[39m
                        [33mcy[39m=[32m"11"[39m
                        [33mr[39m=[32m"8"[39m
                      [36m/>[39m
                    [36m</svg>[39m
                    [0mAudit[0m
                  [36m</button>[39m
                  [36m<button[39m
                    [33mclass[39m=[32m"inline-flex cursor-pointer items-center justify-center whitespace-nowrap 
rounded-md text-sm font-medium transition-all disabled:pointer-events-none disabled:opacity-50 
[&_svg]:pointer-events-none [&_svg:not([class*='size-'])]:size-4 shrink-0 [&_svg]:shrink-0 outline-none 
focus-visible:border-ring focus-visible:ring-ring/50 focus-visible:ring-[3px] aria-invalid:ring-destructive/20 
dark:aria-invalid:ring-destructive/40 aria-invalid:border-destructive border bg-background shadow-xs hover:bg-accent 
hover:text-accent-foreground dark:bg-input/30 dark:border-input dark:hover:bg-input/50 h-9 px-4 py-2 has-[>svg]:px-3 
gap-2"[39m
                    [33mdata-slot[39m=[32m"button"[39m
                    [33mtype[39m=[32m"button"[39m
                  [36m>[39m
                    [36m<svg[39m
                      [33maria-hidden[39m=[32m"true"[39m
                      [33mclass[39m=[32m"lucide lucide-rotate-ccw size-4"[39m
                      [33mfill[39m=[32m"none"[39m
                      [33mheight[39m=[32m"24"[39m
                      [33mstroke[39m=[32m"currentColor"[39m
                      [33mstroke-linecap[39m=[32m"round"[39m
                      [33mstroke-linejoin[39m=[32m"round"[39m
                      [33mstroke-width[39m=[32m"2"[39m
                      [33mviewBox[39m=[32m"0 0 24 24"[39m
                      [33mwidth[39m=[32m"24"[39m
                      [33mxmlns[39m=[32m"http://www.w3.org/2000/svg"[39m
                    [36m>[39m
                      [36m<path[39m
                        [33md[39m=[32m"M3 12a9 9 0 1 0 9-9 9.75 9.75 0 0 0-6.74 2.74L3 8"[39m
                      [36m/>[39m
                      [36m<path[39m
                        [33md[39m=[32m"M3 3v5h5"[39m
                      [36m/>[39m
                    [36m</svg>[39m
                    [0mReset[0m
                  [36m</button>[39m
                [36m</div>[39m
              [36m</div>[39m
              [36m<div[39m
                [33mclass[39m=[32m"flex items-center justify-between"[39m
              [36m>[39m
                [36m<p[39m
                  [33mclass[39m=[32m"text-xs text-muted-foreground"[39m
                [36m>[39m
                  [0mOnly http/https URLs are supported.[0m
                [36m</p>[39m
                [36m<button[39m
                  [33mclass[39m=[32m"text-xs font-medium text-primary hover:text-primary/80 transition-colors 
disabled:opacity-50"[39m
                  [33mtype[39m=[32m"button"[39m
                [36m>[39m
                  [0mTry sample URL[0m
                [36m</button>[39m
              [36m</div>[39m
            [36m</div>[39m
          [36m</form>[39m
          [36m<div[39m
            [33mclass[39m=[32m"flex flex-col items-center justify-center rounded-xl border border-dashed py-16 
gap-4"[39m
          [36m>[39m
            [36m<div[39m
              [33mclass[39m=[32m"flex size-12 items-center justify-center rounded-full bg-muted"[39m
            [36m>[39m
              [36m<svg[39m
                [33maria-hidden[39m=[32m"true"[39m
                [33mclass[39m=[32m"lucide lucide-globe size-6 text-muted-foreground"[39m
                [33mfill[39m=[32m"none"[39m
                [33mheight[39m=[32m"24"[39m
                [33mstroke[39m=[32m"currentColor"[39m
                [33mstroke-linecap[39m=[32m"round"[39m
                [33mstroke-linejoin[39m=[32m"round"[39m
                [33mstroke-width[39m=[32m"2"[39m
                [33mviewBox[39m=[32m"0 0 24 24"[39m
                [33mwidth[39m=[32m"24"[39m
                [33mxmlns[39m=[32m"http://www.w3.org/2000/svg"[39m
              [36m>[39m
                [36m<circle[39m
                  [33mcx[39m=[32m"12"[39m
                  [33mcy[39m=[32m"12"[39m
                  [33mr[39m=[32m"10"[39m
                [36m/>[39m
                [36m<path[39m
                  [33md[39m=[32m"M12 2a14.5 14.5 0 0 0 0 20 14.5 14.5 0 0 0 0-20"[39m
                [36m/>[39m
                [36m<path[39m
                  [33md[39m=[32m"M2 12h20"[39m
                [36m/>[39m
              [36m</svg>[39m
            [36m</div>[39m
            [36m<div[39m
              [33mclass[39m=[32m"text-center"[39m
            [36m>[39m
              [36m<p[39m
                [33mclass[39m=[32m"text-sm font-medium text-foreground"[39m
              [36m>[39m
                [0mEnter a URL to run an audit[0m
              [36m</p>[39m
              [36m<p[39m
                [33mclass[39m=[32m"text-xs text-muted-foreground mt-1"[39m
              [36m>[39m
                [0mResults will appear here after your audit completes.[0m
              [36m</p>[39m
            [36m</div>[39m
          [36m</div>[39m
        [36m</div>[39m
      [36m</main>[39m
      [36m<footer[39m
        [33mclass[39m=[32m"border-t"[39m
      [36m>[39m
        [36m<div[39m
          [33mclass[39m=[32m"mx-auto grid max-w-4xl grid-cols-3 items-center gap-3 px-4 py-4 sm:px-6"[39m
        [36m>[39m
          [36m<p[39m
            [33mclass[39m=[32m"justify-self-start text-xs text-muted-foreground"[39m
          [36m>[39m
            [0mCreated by David Irwin using AI agents[0m
          [36m</p>[39m
          [36m<div[39m
            [33mclass[39m=[32m"justify-self-center"[39m
          [36m>[39m
            [36m<div[39m
              [33mclass[39m=[32m"flex items-center gap-2 rounded-lg border border-border scale-90 origin-center 
border-none bg-transparent px-0 py-0 opacity-70"[39m
            [36m>[39m
              [36m<span[39m
                [33mclass[39m=[32m"text-xs font-medium text-muted-foreground"[39m
              [36m>[39m
                [0mSimulate:[0m
              [36m</span>[39m
              [36m<div[39m
                [33mclass[39m=[32m"flex gap-1"[39m
              [36m>[39m
                [36m<button[39m
                  [33mclass[39m=[32m"cursor-pointer rounded-md px-2.5 py-1 text-xs font-medium transition-colors 
text-muted-foreground hover:bg-accent hover:text-accent-foreground"[39m
                [36m>[39m
                  [0mIdle[0m
                [36m</button>[39m
                [36m<button[39m
                  [33mclass[39m=[32m"cursor-pointer rounded-md px-2.5 py-1 text-xs font-medium transition-colors 
text-muted-foreground hover:bg-accent hover:text-accent-foreground"[39m
                [36m>[39m
                  [0mLoading[0m
                [36m</button>[39m
                [36m<button[39m
                  [33mclass[39m=[32m"cursor-pointer rounded-md px-2.5 py-1 text-xs font-medium transition-colors 
text-muted-foreground hover:bg-accent hover:text-accent-foreground"[39m
                [36m>[39m
                  [0mSuccess[0m
                [36m</button>[39m
                [36m<button[39m
                  [33mclass[39m=[32m"cursor-pointer rounded-md px-2.5 py-1 text-xs font-medium transition-colors 
text-muted-foreground hover:bg-accent hover:text-accent-foreground"[39m
                [36m>[39m
                  [0mError[0m
                [36m</button>[39m
              [36m</div>[39m
            [36m</div>[39m
          [36m</div>[39m
          [36m<a[39m
            [33mclass[39m=[32m"justify-self-end text-sm text-muted-foreground transition-colors 
hover:text-foreground"[39m
            [33mhref[39m=[32m"/about"[39m
          [36m>[39m
            [0mAbout[0m
          [36m</a>[39m
        [36m</div>[39m
      [36m</footer>[39m
    [36m</div>[39m
  [36m</div>[39m
[36m</body>[39m

Ignored nodes: comments, script, style
[36m<body>[39m
  [36m<div>[39m
    [36m<div[39m
      [33mclass[39m=[32m"flex min-h-screen flex-col"[39m
    [36m>[39m
      [36m<header[39m
        [33mclass[39m=[32m"border-b bg-card"[39m
      [36m>[39m
        [36m<div[39m
          [33mclass[39m=[32m"mx-auto flex max-w-4xl items-center gap-3 px-4 py-5 sm:px-6"[39m
        [36m>[39m
          [36m<div[39m
            [33mclass[39m=[32m"flex size-9 items-center justify-center rounded-lg bg-primary"[39m
          [36m>[39m
            [36m<svg[39m
              [33maria-hidden[39m=[32m"true"[39m
              [33mclass[39m=[32m"lucide lucide-scan-eye size-5 text-primary-foreground"[39m
              [33mfill[39m=[32m"none"[39m
              [33mheight[39m=[32m"24"[39m
              [33mstroke[39m=[32m"currentColor"[39m
              [33mstroke-linecap[39m=[32m"round"[39m
              [33mstroke-linejoin[39m=[32m"round"[39m
              [33mstroke-width[39m=[32m"2"[39m
              [33mviewBox[39m=[32m"0 0 24 24"[39m
              [33mwidth[39m=[32m"24"[39m
              [33mxmlns[39m=[32m"http://www.w3.org/2000/svg"[39m
            [36m>[39m
              [36m<path[39m
                [33md[39m=[32m"M3 7V5a2 2 0 0 1 2-2h2"[39m
              [36m/>[39m
              [36m<path[39m
                [33md[39m=[32m"M17 3h2a2 2 0 0 1 2 2v2"[39m
              [36m/>[39m
              [36m<path[39m
                [33md[39m=[32m"M21 17v2a2 2 0 0 1-2 2h-2"[39m
              [36m/>[39m
              [36m<path[39m
                [33md[39m=[32m"M7 21H5a2 2 0 0 1-2-2v-2"[39m
              [36m/>[39m
              [36m<circle[39m
                [33mcx[39m=[32m"12"[39m
                [33mcy[39m=[32m"12"[39m
                [33mr[39m=[32m"1"[39m
              [36m/>[39m
              [36m<path[39m
                [33md[39m=[32m"M18.944 12.33a1 1 0 0 0 0-.66 7.5 7.5 0 0 0-13.888 0 1 1 0 0 0 0 .66 7.5 7.5 0 0 0 
13.888 0"[39m
              [36m/>[39m
            [36m</svg>[39m
          [36m</div>[39m
          [36m<div>[39m
            [36m<h1[39m
              [33mclass[39m=[32m"text-lg font-semibold text-foreground text-balance"[39m
            [36m>[39m
              [0mAccessibility URL Auditor[0m
            [36m</h1>[39m
            [36m<p[39m
              [33mclass[39m=[32m"text-sm text-muted-foreground"[39m
            [36m>[39m
              [0mPaste a URL to run a lightweight accessibility check.[0m
            [36m</p>[39m
          [36m</div>[39m
        [36m</div>[39m
      [36m</header>[39m
      [36m<main[39m
        [33mclass[39m=[32m"flex-1"[39m
      [36m>[39m
        [36m<div[39m
          [33mclass[39m=[32m"mx-auto flex max-w-4xl flex-col gap-6 px-4 py-6 sm:px-6 sm:py-8"[39m
        [36m>[39m
          [36m<form[39m
            [33mclass[39m=[32m"flex flex-col gap-3"[39m
          [36m>[39m
            [36m<div[39m
              [33mclass[39m=[32m"flex flex-col gap-1.5"[39m
            [36m>[39m
              [36m<label[39m
                [33mclass[39m=[32m"flex items-center gap-2 select-none 
group-data-[disabled=true]:pointer-events-none group-data-[disabled=true]:opacity-50 peer-disabled:cursor-not-allowed 
peer-disabled:opacity-50 text-sm font-medium text-foreground"[39m
                [33mdata-slot[39m=[32m"label"[39m
                [33mfor[39m=[32m"url-input"[39m
              [36m>[39m
                [0mURL to audit[0m
              [36m</label>[39m
              [36m<div[39m
                [33mclass[39m=[32m"flex flex-col gap-3 sm:flex-row"[39m
              [36m>[39m
                [36m<input[39m
                  [33mclass[39m=[32m"file:text-foreground placeholder:text-muted-foreground selection:bg-primary 
selection:text-primary-foreground dark:bg-input/30 border-input h-9 w-full min-w-0 rounded-md border bg-transparent 
px-3 py-1 text-base shadow-xs transition-[color,box-shadow] outline-none file:inline-flex file:h-7 file:border-0 
file:bg-transparent file:text-sm file:font-medium disabled:pointer-events-none disabled:cursor-not-allowed 
disabled:opacity-50 md:text-sm focus-visible:border-ring focus-visible:ring-ring/50 focus-visible:ring-[3px] 
aria-invalid:ring-destructive/20 dark:aria-invalid:ring-destructive/40 aria-invalid:border-destructive flex-1"[39m
                  [33mdata-slot[39m=[32m"input"[39m
                  [33mid[39m=[32m"url-input"[39m
                  [33mplaceholder[39m=[32m"https://example.com"[39m
                  [33mtype[39m=[32m"url"[39m
                  [33mvalue[39m=[32m"bad"[39m
                [36m/>[39m
                [36m<div[39m
                  [33mclass[39m=[32m"flex gap-2"[39m
                [36m>[39m
                  [36m<button[39m
                    [33mclass[39m=[32m"inline-flex cursor-pointer items-center justify-center whitespace-nowrap 
rounded-md text-sm font-medium transition-all disabled:pointer-events-none disabled:opacity-50 
[&_svg]:pointer-events-none [&_svg:not([class*='size-'])]:size-4 shrink-0 [&_svg]:shrink-0 outline-none 
focus-visible:border-ring focus-visible:ring-ring/50 focus-visible:ring-[3px] aria-invalid:ring-destructive/20 
dark:aria-invalid:ring-destructive/40 aria-invalid:border-destructive bg-primary text-primary-foreground 
hover:bg-primary/90 h-9 px-4 py-2 has-[>svg]:px-3 gap-2"[39m
                    [33mdata-slot[39m=[32m"button"[39m
                    [33mtype[39m=[32m"submit"[39m
                  [36m>[39m
                    [36m<svg[39m
                      [33maria-hidden[39m=[32m"true"[39m
                      [33mclass[39m=[32m"lucide lucide-search size-4"[39m
                      [33mfill[39m=[32m"none"[39m
                      [33mheight[39m=[32m"24"[39m
                      [33mstroke[39m=[32m"currentColor"[39m
                      [33mstroke-linecap[39m=[32m"round"[39m
                      [33mstroke-linejoin[39m=[32m"round"[39m
                      [33mstroke-width[39m=[32m"2"[39m
                      [33mviewBox[39m=[32m"0 0 24 24"[39m
                      [33mwidth[39m=[32m"24"[39m
                      [33mxmlns[39m=[32m"http://www.w3.org/2000/svg"[39m
                    [36m>[39m
                      [36m<path[39m
                        [33md[39m=[32m"m21 21-4.34-4.34"[39m
                      [36m/>[39m
                      [36m<circle[39m
                        [33mcx[39m=[32m"11"[39m
                        [33mcy[39m=[32m"11"[39m
                        [33mr[39m=[32m"8"[39m
                      [36m/>[39m
                    [36m</svg>[39m
                    [0mAudit[0m
                  [36m</button>[39m
                  [36m<button[39m
                    [33mclass[39m=[32m"inline-flex cursor-pointer items-center justify-center whitespace-nowrap 
rounded-md text-sm font-medium transition-all disabled:pointer-events-none disabled:opacity-50 
[&_svg]:pointer-events-none [&_svg:not([class*='size-'])]:size-4 shrink-0 [&_svg]:shrink-0 outline-none 
focus-visible:border-ring focus-visible:ring-ring/50 focus-visible:ring-[3px] aria-invalid:ring-destructive/20 
dark:aria-invalid:ring-destructive/40 aria-invalid:border-destructive border bg-background shadow-xs hover:bg-accent 
hover:text-accent-foreground dark:bg-input/30 dark:border-input dark:hover:bg-input/50 h-9 px-4 py-2 has-[>svg]:px-3 
gap-2"[39m
                    [33mdata-slot[39m=[32m"button"[39m
                    [33mtype[39m=[32m"button"[39m
                  [36m>[39m
                    [36m<svg[39m
                      [33maria-hidden[39m=[32m"true"[39m
                      [33mclass[39m=[32m"lucide lucide-rotate-ccw size-4"[39m
                      [33mfill[39m=[32m"none"[39m
                      [33mheight[39m=[32m"24"[39m
                      [33mstroke[39m=[32m"currentColor"[39m
                      [33mstroke-linecap[39m=[32m"round"[39m
                      [33mstroke-linejoin[39m=[32m"round"[39m
                      [33mstroke-width[39m=[32m"2"[39m
                      [33mviewBox[39m=[32m"0 0 24 24"[39m
                      [33mwidth[39m=[32m"24"[39m
                      [33mxmlns[39m=[32m"http://www.w3.org/2000/svg"[39m
                    [36m>[39m
                      [36m<path[39m
                        [33md[39m=[32m"M3 12a9 9 0 1 0 9-9 9.75 9.75 0 0 0-6.74 2.74L3 8"[39m
                      [36m/>[39m
                      [36m<path[39m
                        [33md[39m=[32m"M3 3v5h5"[39m
                      [36m/>[39m
                    [36m</svg>[39m
                    [0mReset[0m
                  [36m</button>[39m
                [36m</div>[39m
              [36m</div>[39m
              [36m<div[39m
                [33mclass[39m=[32m"flex items-center justify-between"[39m
              [36m>[39m
                [36m<p[39m
                  [33mclass[39m=[32m"text-xs text-muted-foreground"[39m
                [36m>[39m
                  [0mOnly http/https URLs are supported.[0m
                [36m</p>[39m
                [36m<button[39m
                  [33mclass[39m=[32m"text-xs font-medium text-primary hover:text-primary/80 transition-colors 
disabled:opacity-50"[39m
                  [33mtype[39m=[32m"button"[39m
                [36m>[39m
                  [0mTry sample URL[0m
                [36m</button>[39m
              [36m</div>[39m
            [36m</div>[39m
          [36m</form>[39m
          [36m<div[39m
            [33mclass[39m=[32m"flex flex-col items-center justify-center rounded-xl border border-dashed py-16 
gap-4"[39m
          [36m>[39m
            [36m<div[39m
              [33mclass[39m=[32m"flex size-12 items-center justify-center rounded-full bg-muted"[39m
            [36m>[39m
              [36m<svg[39m
                [33maria-hidden[39m=[32m"true"[39m
                [33mclass[39m=[32m"lucide lucide-globe size-6 text-muted-foreground"[39m
                [33mfill[39m=[32m"none"[39m
                [33mheight[39m=[32m"24"[39m
                [33mstroke[39m=[32m"currentColor"[39m
                [33mstroke-linecap[39m=[32m"round"[39m
                [33mstroke-linejoin[39m=[32m"round"[39m
                [33mstroke-width[39m=[32m"2"[39m
                [33mviewBox[39m=[32m"0 0 24 24"[39m
                [33mwidth[39m=[32m"24"[39m
                [33mxmlns[39m=[32m"http://www.w3.org/2000/svg"[39m
              [36m>[39m
                [36m<circle[39m
                  [33mcx[39m=[32m"12"[39m
                  [33mcy[39m=[32m"12"[39m
                  [33mr[39m=[32m"10"[39m
                [36m/>[39m
                [36m<path[39m
                  [33md[39m=[32m"M12 2a14.5 14.5 0 0 0 0 20 14.5 14.5 0 0 0 0-20"[39m
                [36m/>[39m
                [36m<path[39m
                  [33md[39m=[32m"M2 12h20"[39m
                [36m/>[39m
              [36m</svg>[39m
            [36m</div>[39m
            [36m<div[39m
              [33mclass[39m=[32m"text-center"[39m
            [36m>[39m
              [36m<p[39m
                [33mclass[39m=[32m"text-sm font-medium text-foreground"[39m
              [36m>[39m
                [0mEnter a URL to run an audit[0m
              [36m</p>[39m
              [36m<p[39m
                [33mclass[39m=[32m"text-xs text-muted-foreground mt-1"[39m
              [36m>[39m
                [0mResults will appear here after your audit completes.[0m
              [36m</p>[39m
            [36m</div>[39m
          [36m</div>[39m
        [36m</div>[39m
      [36m</main>[39m
      [36m<footer[39m
        [33mclass[39m=[32m"border-t"[39m
      [36m>[39m
        [36m<div[39m
          [33mclass[39m=[32m"mx-auto grid max-w-4xl grid-cols-3 items-center gap-3 px-4 py-4 sm:px-6"[39m
        [36m>[39m
          [36m<p[39m
            [33mclass[39m=[32m"justify-self-start text-xs text-muted-foreground"[39m
          [36m>[39m
            [0mCreated by David Irwin using AI agents[0m
          [36m</p>[39m
          [36m<div[39m
            [33mclass[39m=[32m"justify-self-center"[39m
          [36m>[39m
            [36m<div[39m
              [33mclass[39m=[32m"flex items-center gap-2 rounded-lg border border-border scale-90 origin-center 
border-none bg-transparent px-0 py-0 opacity-70"[39m
            [36m>[39m
              [36m<span[39m
                [33mclass[39m=[32m"text-xs font-medium text-muted-foreground"[39m
              [36m>[39m
                [0mSimulate:[0m
              [36m</span>[39m
              [36m<div[39m
                [33mclass[39m=[32m"flex gap-1"[39m
              [36m>[39m
                [36m<button[39m
                  [33mclass[39m=[32m"cursor-pointer rounded-md px-2.5 py-1 text-xs font-medium transition-colors 
text-muted-foreground hover:bg-accent hover:text-accent-foreground"[39m
                [36m>[39m
                  [0mIdle[0m
                [36m</button>[39m
                [36m<button[39m
                  [33mclass[39m=[32m"cursor-pointer rounded-md px-2.5 py-1 text-xs font-medium transition-colors 
text-muted-foreground hover:bg-accent hover:text-accent-foreground"[39m
                [36m>[39m
                  [0mLoading[0m
                [36m</button>[39m
                [36m<button[39m
                  [33mclass[39m=[32m"cursor-pointer rounded-md px-2.5 py-1 text-xs font-medium transition-colors 
text-muted-foreground hover:bg-accent hover:text-accent-foreground"[39m
                [36m>[39m
                  [0mSuccess[0m
                [36m</button>[39m
                [36m<button[39m
                  [33mclass[39m=[32m"cursor-pointer rounded-md px-2.5 py-1 text-xs font-medium transition-colors 
text-muted-foreground hover:bg-accent hover:text-accent-foreground"[39m
                [36m>[39m
                  [0mError[0m
                [36m</button>[39m
              [36m</div>[39m
            [36m</div>[39m
          [36m</div>[39m
          [36m<a[39m
            [33mclass[39m=[32m"justify-self-end text-sm text-muted-foreground transition-colors 
hover:text-foreground"[39m
            [33mhref[39m=[32m"/about"[39m
          [36m>[39m
            [0mAbout[0m
          [36m</a>[39m
        [36m</div>[39m
      [36m</footer>[39m
    [36m</div>[39m
  [36m</div>[39m
[36m</body>[39m
 Γ¥» waitForWrapper node_modules/@testing-library/dom/dist/wait-for.js:163:27
 Γ¥» node_modules/@testing-library/dom/dist/query-helpers.js:86:33
 Γ¥» app/page.test.tsx:92:25
     90|     await user.click(screen.getByRole("button", { name: /^audit$/i }))
     91| 
     92|     expect(await screen.findByText(/please enter a valid public http\/ΓÇª
       |                         ^
     93|   })
     94| 

ΓÄ»ΓÄ»ΓÄ»ΓÄ»ΓÄ»ΓÄ»ΓÄ»ΓÄ»ΓÄ»ΓÄ»ΓÄ»ΓÄ»ΓÄ»ΓÄ»ΓÄ»ΓÄ»ΓÄ»ΓÄ»ΓÄ»ΓÄ»ΓÄ»ΓÄ»ΓÄ»ΓÄ»[1/1]ΓÄ»

 Test Files  1 failed | 7 passed (8)
      Tests  1 failed | 39 passed (40)
   Start at  14:13:43
   Duration  4.30s (transform 406ms, setup 1.07s, collect 1.51s, tests 3.12s, environment 1.30s, prepare 1.26s)

